[2026-10-06T17:52:41.070Z] round 1/32 (warmup)
  jbl first/A: success 19203.2ms
  jbl repeat/B: success 7630.4ms
  jbl page2/A: success 5473.9ms
  jbl filter/B: success 1885.3ms
  jbl prep/C: success 13617.5ms
  jbl prep/D: success 11687.8ms
  audifonos first/A: success 11155ms
  audifonos repeat/B: success 10556.4ms
  audifonos filter/B: success 6595ms
  audifonos prep/C: success 6495.5ms
  audifonos prep/D: success 26812.5ms
  smart-tv first/A: success 21912.4ms
  smart-tv repeat/B: success 14107.6ms
  smart-tv page2/A: success 11282.4ms
  smart-tv filter/B: success 1610.9ms
  smart-tv prep/C: success 18559.7ms
  smart-tv prep/D: success 15756.9ms
  jbl page2-nocache/C: success 11235.3ms
  smart-tv page2-nocache/C: success 11772.3ms
  jbl filter-nocache/D: error productSearchV3 504 Request failed with status code 504 (client)
  audifonos filter-nocache/D: error productSearchV3 500 Request failed with status code 500 (client)
  smart-tv filter-nocache/D: success 10998ms
  jbl direct-nocache/E: success 19190.4ms
  jbl direct-cache/E: success 16141.2ms
  audifonos direct-nocache/E: timeout timeout waiting for products on direct load
  audifonos direct-cache/E: timeout timeout waiting for products on direct load
  smart-tv direct-nocache/E: success 16232.7ms
  smart-tv direct-cache/E: timeout timeout waiting for products on direct load
  logs added: 275
[2026-10-06T18:06:47.628Z] round 2/32
  jbl first/A: success 10183.8ms
  jbl repeat/B: error productSearchV3 504 Request failed with status code 504 (client)
  jbl page2/A: error productSearchV3 504 Request failed with status code 504 (client)
  jbl filter/B: skipped prior step "repeat" did not succeed in this context
  jbl prep/C: error productSearchV3 500 Request failed with status code 500 (client)
  jbl prep/D: error productSearchV3 500 Request failed with status code 500 (client)
  audifonos first/A: success 12935.1ms
  audifonos repeat/B: success 6820.2ms
  audifonos filter/B: success 6521.6ms
  audifonos prep/C: success 5369.5ms
  audifonos prep/D: success 7384.8ms
Error: ENOENT: no such file or directory, open '/app/code/docs/perf/data/bl20261006/runs.jsonl'
    at Object.writeFileSync (node:fs:2413:20)
    at Object.appendFileSync (node:fs:2495:6)
    at save (/app/code/docs/perf/baseline.js:909:6)
    at measure (/app/code/docs/perf/baseline.js:608:10)
    at runNextTicks (node:internal/process/task_queues:65:5)
    at process.processImmediate (node:internal/timers:472:9)
    at async runRound (/app/code/docs/perf/baseline.js:138:5)
    at async main (/app/code/docs/perf/baseline.js:89:5) {
  errno: -2,
  code: 'ENOENT',
  syscall: 'open',
  path: '/app/code/docs/perf/data/bl20261006/runs.jsonl'
}
